[debug] [2026-03-16T04:50:48.237Z] ----------------------------------------------------------------------
[debug] [2026-03-16T04:50:48.238Z] Command:       /opt/homebrew/Cellar/node/25.8.1/bin/node /opt/homebrew/bin/firebase deploy --only firestore:indexes --project aayam-db178
[debug] [2026-03-16T04:50:48.238Z] CLI Version:   14.24.1
[debug] [2026-03-16T04:50:48.238Z] Platform:      darwin
[debug] [2026-03-16T04:50:48.238Z] Node Version:  v25.8.1
[debug] [2026-03-16T04:50:48.238Z] Time:          Mon Mar 16 2026 10:20:48 GMT+0530 (India Standard Time)
[debug] [2026-03-16T04:50:48.238Z] ----------------------------------------------------------------------
[debug] 
[debug] [2026-03-16T04:50:48.238Z] >>> [apiv2][query] GET https://firebase-public.firebaseio.com/cli.json [none]
[debug] [2026-03-16T04:50:48.321Z] > command requires scopes: ["email","openid","https://www.googleapis.com/auth/cloudplatformprojects.readonly","https://www.googleapis.com/auth/firebase","https://www.googleapis.com/auth/cloud-platform"]
[debug] [2026-03-16T04:50:48.321Z] > authorizing via signed-in user (goyalgeetansh@gmail.com)
[debug] [2026-03-16T04:50:48.322Z] [iam] checking project aayam-db178 for permissions ["datastore.indexes.create","datastore.indexes.delete","datastore.indexes.list","datastore.indexes.update","firebase.projects.get"]
[debug] [2026-03-16T04:50:48.322Z] Checked if tokens are valid: false, expires at: 1762691609150
[debug] [2026-03-16T04:50:48.322Z] Checked if tokens are valid: false, expires at: 1762691609150
[debug] [2026-03-16T04:50:48.322Z] > refreshing access token with scopes: []
[debug] [2026-03-16T04:50:48.323Z] >>> [apiv2][query] POST https://www.googleapis.com/oauth2/v3/token [none]
[debug] [2026-03-16T04:50:48.323Z] >>> [apiv2][body] POST https://www.googleapis.com/oauth2/v3/token [omitted]
[debug] [2026-03-16T04:50:48.705Z] <<< [apiv2][status] POST https://www.googleapis.com/oauth2/v3/token 200
[debug] [2026-03-16T04:50:48.706Z] <<< [apiv2][body] POST https://www.googleapis.com/oauth2/v3/token [omitted]
[error] Authentication Error: Your credentials are no longer valid. Please run firebase login --reauth

For CI servers and headless environments, generate a new token with firebase login:ci
[debug] [2026-03-16T04:50:48.708Z] [iam] error while checking permissions, command may fail: Authentication Error: Your credentials are no longer valid. Please run firebase login --reauth

For CI servers and headless environments, generate a new token with firebase login:ci
[info] 
[info] === Deploying to 'aayam-db178'...
[info] 
[info] i  deploying firestore 
[info] i  firestore: ensuring required API firestore.googleapis.com is enabled... 
[debug] [2026-03-16T04:50:48.710Z] Checked if tokens are valid: true, expires at: 1773640247706
[debug] [2026-03-16T04:50:48.710Z] Checked if tokens are valid: true, expires at: 1773640247706
[debug] [2026-03-16T04:50:48.710Z] >>> [apiv2][query] GET https://serviceusage.googleapis.com/v1/projects/aayam-db178/services/firestore.googleapis.com [none]
[debug] [2026-03-16T04:50:48.710Z] >>> [apiv2][(partial)header] GET https://serviceusage.googleapis.com/v1/projects/aayam-db178/services/firestore.googleapis.com x-goog-quota-user=projects/aayam-db178
[debug] [2026-03-16T04:50:48.863Z] <<< [apiv2][status] GET https://firebase-public.firebaseio.com/cli.json 200
[debug] [2026-03-16T04:50:48.863Z] <<< [apiv2][body] GET https://firebase-public.firebaseio.com/cli.json {"cloudBuildErrorAfter":1594252800000,"cloudBuildWarnAfter":1590019200000,"defaultNode10After":1594252800000,"minVersion":"3.0.5","node8DeploysDisabledAfter":1613390400000,"node8RuntimeDisabledAfter":1615809600000,"node8WarnAfter":1600128000000}
[warn] ⚠  Unable to fetch the CLI MOTD and remote config. This is not a fatal error, but may indicate an issue with your network connection. 
[debug] [2026-03-16T04:50:48.864Z] Failed to fetch MOTD Error: EPERM: operation not permitted, open '/Users/geetanshgoyal/.config/configstore/firebase-tools.json.558690570'
[debug] [2026-03-16T04:50:50.615Z] <<< [apiv2][status] GET https://serviceusage.googleapis.com/v1/projects/aayam-db178/services/firestore.googleapis.com 200
[debug] [2026-03-16T04:50:50.615Z] <<< [apiv2][body] GET https://serviceusage.googleapis.com/v1/projects/aayam-db178/services/firestore.googleapis.com [omitted]
[info] ✔  firestore: required API firestore.googleapis.com is enabled 
[debug] [2026-03-16T04:50:50.826Z] Error: EPERM: operation not permitted, open '/Users/geetanshgoyal/.config/configstore/firebase-tools.json.3809675100'
    at Object.openSync (node:fs:556:18)
    at writeFile.writeFileSync [as sync] (/opt/homebrew/lib/node_modules/firebase-tools/node_modules/write-file-atomic/index.js:205:13)
    at set all (/opt/homebrew/lib/node_modules/firebase-tools/node_modules/configstore/index.js:61:20)
    at Configstore.set (/opt/homebrew/lib/node_modules/firebase-tools/node_modules/configstore/index.js:91:12)
    at cacheEnabledAPI (/opt/homebrew/lib/node_modules/firebase-tools/lib/ensureApiEnabled.js:143:31)
    at check (/opt/homebrew/lib/node_modules/firebase-tools/lib/ensureApiEnabled.js:34:9)
    at process.processTicksAndRejections (node:internal/process/task_queues:104:5)
    at async ensure (/opt/homebrew/lib/node_modules/firebase-tools/lib/ensureApiEnabled.js:108:23)
    at async default_1 (/opt/homebrew/lib/node_modules/firebase-tools/lib/deploy/firestore/prepare.js:76:5)
    at async chain (/opt/homebrew/lib/node_modules/firebase-tools/lib/deploy/index.js:43:9)
[error] 
[error] Error: An unexpected error has occurred.
[debug] [2026-03-16T04:50:51.079Z] Error: EPERM: operation not permitted, open '/Users/geetanshgoyal/.config/configstore/firebase-tools.json.291921912'
    at Object.openSync (node:fs:556:18)
    at writeFile.writeFileSync [as sync] (/opt/homebrew/lib/node_modules/firebase-tools/node_modules/write-file-atomic/index.js:205:13)
    at set all (/opt/homebrew/lib/node_modules/firebase-tools/node_modules/configstore/index.js:61:20)
    at Configstore.delete (/opt/homebrew/lib/node_modules/firebase-tools/node_modules/configstore/index.js:101:12)
    at process.<anonymous> (/opt/homebrew/lib/node_modules/firebase-tools/lib/bin/cli.js:65:45)
    at process.emit (node:events:520:22)
    at process.exit (node:internal/process/per_thread:236:15)
    at Timeout._onTimeout (/opt/homebrew/lib/node_modules/firebase-tools/lib/errorOut.js:20:17)
    at listOnTimeout (node:internal/timers:605:17)
    at process.processTimers (node:internal/timers:541:7)
[error] 
[error] Error: An unexpected error has occurred.
